{"level":"info","message":"✓ All required environment variables are set","service":"proofsy-backend","timestamp":"2026-05-06 20:45:17"}
{"level":"info","message":"✓ Connected to MongoDB: mongodb://127.0.0.1:27017/proofsy","service":"proofsy-backend","timestamp":"2026-05-06 20:45:18"}
{"level":"info","message":"✓ Proofsy backend running on http://localhost:5000","service":"proofsy-backend","timestamp":"2026-05-06 20:45:18"}
{"level":"info","message":"Environment: development","service":"proofsy-backend","timestamp":"2026-05-06 20:45:18"}
{"level":"info","message":"GET /api/health 200 4ms","service":"proofsy-backend","timestamp":"2026-05-06 20:45:42"}
{"level":"info","message":"GET /api/health 200 0ms","service":"proofsy-backend","timestamp":"2026-05-06 20:46:36"}
{"level":"info","message":"GET /favicon.ico 404 1ms","service":"proofsy-backend","timestamp":"2026-05-06 20:46:36"}
{"level":"info","message":"GET /api/health 200 1ms","service":"proofsy-backend","timestamp":"2026-05-06 20:46:39"}
{"level":"info","message":"✓ All required environment variables are set","service":"proofsy-backend","timestamp":"2026-05-09 11:44:26"}
{"level":"info","message":"✓ Connected to MongoDB: mongodb://127.0.0.1:27017/proofsy","service":"proofsy-backend","timestamp":"2026-05-09 11:44:26"}
{"level":"info","message":"✓ Proofsy backend running on http://localhost:5000","service":"proofsy-backend","timestamp":"2026-05-09 11:44:26"}
{"level":"info","message":"Environment: development","service":"proofsy-backend","timestamp":"2026-05-09 11:44:26"}
{"level":"info","message":"✓ All required environment variables are set","service":"proofsy-backend","timestamp":"2026-05-10 15:51:49"}
{"level":"info","message":"✓ Connected to MongoDB: mongodb://127.0.0.1:27017/proofsy","service":"proofsy-backend","timestamp":"2026-05-10 15:51:49"}
{"level":"info","message":"✓ Proofsy backend running on http://localhost:5000","service":"proofsy-backend","timestamp":"2026-05-10 15:51:49"}
{"level":"info","message":"Environment: development","service":"proofsy-backend","timestamp":"2026-05-10 15:51:49"}
{"level":"info","message":"\u001b[0mGET /api/health \u001b[32m200\u001b[0m 1.918 ms - 127\u001b[0m","service":"proofsy-backend","timestamp":"2026-05-10 15:57:10"}
{"level":"info","message":"\u001b[0mGET /api/health \u001b[32m200\u001b[0m 0.308 ms - 127\u001b[0m","service":"proofsy-backend","timestamp":"2026-05-10 16:00:26"}
{"level":"info","message":"\u001b[0mGET /api/health \u001b[32m200\u001b[0m 0.276 ms - 127\u001b[0m","service":"proofsy-backend","timestamp":"2026-05-10 16:01:17"}
{"level":"info","message":"\u001b[0mGET /api/certificates/stats \u001b[32m200\u001b[0m 62.102 ms - 173\u001b[0m","service":"proofsy-backend","timestamp":"2026-05-10 16:01:17"}
{"level":"info","message":"\u001b[0mGET /api/health \u001b[32m200\u001b[0m 0.429 ms - 127\u001b[0m","service":"proofsy-backend","timestamp":"2026-05-10 16:01:17"}
{"level":"info","message":"\u001b[0mGET /api/events \u001b[32m200\u001b[0m 5.435 ms - 26\u001b[0m","service":"proofsy-backend","timestamp":"2026-05-10 16:01:17"}
{"level":"info","message":"\u001b[0mGET /api/certificates \u001b[32m200\u001b[0m 4.258 ms - 26\u001b[0m","service":"proofsy-backend","timestamp":"2026-05-10 16:01:17"}
{"level":"info","message":"\u001b[0mGET /api/certificates/stats \u001b[36m304\u001b[0m 9.904 ms - -\u001b[0m","service":"proofsy-backend","timestamp":"2026-05-10 16:01:17"}
{"level":"info","message":"\u001b[0mGET /api/events \u001b[36m304\u001b[0m 3.547 ms - -\u001b[0m","service":"proofsy-backend","timestamp":"2026-05-10 16:01:17"}
{"level":"info","message":"\u001b[0mGET /api/certificates \u001b[36m304\u001b[0m 4.148 ms - -\u001b[0m","service":"proofsy-backend","timestamp":"2026-05-10 16:01:17"}
{"level":"info","message":"\u001b[0mGET /api/certificates/stats \u001b[36m304\u001b[0m 8.252 ms - -\u001b[0m","service":"proofsy-backend","timestamp":"2026-05-10 16:01:17"}
{"level":"info","message":"\u001b[0mGET /api/certificates/stats \u001b[36m304\u001b[0m 8.095 ms - -\u001b[0m","service":"proofsy-backend","timestamp":"2026-05-10 16:01:17"}
{"level":"info","message":"\u001b[0mGET /api/certificates/stats \u001b[36m304\u001b[0m 5.897 ms - -\u001b[0m","service":"proofsy-backend","timestamp":"2026-05-10 16:01:28"}
{"level":"info","message":"\u001b[0mGET /api/certificates/stats \u001b[36m304\u001b[0m 6.012 ms - -\u001b[0m","service":"proofsy-backend","timestamp":"2026-05-10 16:01:28"}
{"level":"info","message":"\u001b[0mGET /api/certificates/stats \u001b[36m304\u001b[0m 3.819 ms - -\u001b[0m","service":"proofsy-backend","timestamp":"2026-05-10 16:01:43"}
{"level":"info","message":"\u001b[0mGET /api/certificates/stats \u001b[36m304\u001b[0m 3.874 ms - -\u001b[0m","service":"proofsy-backend","timestamp":"2026-05-10 16:01:58"}
{"level":"info","message":"\u001b[0mPOST /api/events \u001b[32m201\u001b[0m 13.792 ms - 167\u001b[0m","service":"proofsy-backend","timestamp":"2026-05-10 16:02:11"}
{"level":"info","message":"\u001b[0mPOST /api/certificates/generate \u001b[32m202\u001b[0m 293.654 ms - 157\u001b[0m","service":"proofsy-backend","timestamp":"2026-05-10 16:02:11"}
{"level":"info","message":"\u001b[0mGET /api/health \u001b[32m200\u001b[0m 0.273 ms - 125\u001b[0m","service":"proofsy-backend","timestamp":"2026-05-10 16:02:11"}
{"level":"info","message":"\u001b[0mGET /api/health \u001b[32m200\u001b[0m 0.195 ms - 127\u001b[0m","service":"proofsy-backend","timestamp":"2026-05-10 16:02:11"}
{"level":"info","message":"\u001b[0mGET /api/certificates/stats \u001b[32m200\u001b[0m 14.575 ms - 791\u001b[0m","service":"proofsy-backend","timestamp":"2026-05-10 16:02:11"}
{"level":"info","message":"\u001b[0mGET /api/events \u001b[32m200\u001b[0m 2.593 ms - 169\u001b[0m","service":"proofsy-backend","timestamp":"2026-05-10 16:02:11"}
{"level":"info","message":"\u001b[0mGET /api/events \u001b[36m304\u001b[0m 5.494 ms - -\u001b[0m","service":"proofsy-backend","timestamp":"2026-05-10 16:02:11"}
{"level":"info","message":"\u001b[0mGET /api/certificates/stats \u001b[32m200\u001b[0m 35.811 ms - 773\u001b[0m","service":"proofsy-backend","timestamp":"2026-05-10 16:02:11"}
{"level":"info","message":"\u001b[0mGET /api/certificates \u001b[32m200\u001b[0m 35.488 ms - -\u001b[0m","service":"proofsy-backend","timestamp":"2026-05-10 16:02:11"}
{"level":"info","message":"\u001b[0mGET /api/certificates/stats \u001b[32m200\u001b[0m 14.221 ms - 781\u001b[0m","service":"proofsy-backend","timestamp":"2026-05-10 16:02:12"}
{"level":"info","message":"\u001b[0mGET /api/certificates \u001b[36m304\u001b[0m 21.289 ms - -\u001b[0m","service":"proofsy-backend","timestamp":"2026-05-10 16:02:12"}
{"level":"info","message":"\u001b[0mGET /api/certificates/stats \u001b[32m200\u001b[0m 8.649 ms - 781\u001b[0m","service":"proofsy-backend","timestamp":"2026-05-10 16:02:12"}
{"level":"info","message":"\u001b[0mGET /api/certificates/stats \u001b[32m200\u001b[0m 8.037 ms - 791\u001b[0m","service":"proofsy-backend","timestamp":"2026-05-10 16:02:26"}
{"level":"info","message":"\u001b[0mGET /api/certificates/stats \u001b[32m200\u001b[0m 13.553 ms - 784\u001b[0m","service":"proofsy-backend","timestamp":"2026-05-10 16:02:29"}
{"level":"info","message":"\u001b[0mGET /api/events/6a005eab11fafa8b22a16e1b \u001b[32m200\u001b[0m 21.782 ms - -\u001b[0m","service":"proofsy-backend","timestamp":"2026-05-10 16:02:29"}
{"level":"info","message":"\u001b[0mGET /api/certificates/stats \u001b[32m200\u001b[0m 13.824 ms - 781\u001b[0m","service":"proofsy-backend","timestamp":"2026-05-10 16:02:29"}
{"level":"info","message":"\u001b[0mGET /api/events/6a005eab11fafa8b22a16e1b \u001b[36m304\u001b[0m 14.525 ms - -\u001b[0m","service":"proofsy-backend","timestamp":"2026-05-10 16:02:29"}
{"level":"info","message":"\u001b[0mGET /api/certificates/stats \u001b[32m200\u001b[0m 8.121 ms - 769\u001b[0m","service":"proofsy-backend","timestamp":"2026-05-10 16:02:37"}
{"level":"info","message":"\u001b[0mGET /api/certificates/stats \u001b[32m200\u001b[0m 6.863 ms - 795\u001b[0m","service":"proofsy-backend","timestamp":"2026-05-10 16:02:37"}
{"level":"info","message":"\u001b[0mGET /api/certificates/stats \u001b[32m200\u001b[0m 7.430 ms - 792\u001b[0m","service":"proofsy-backend","timestamp":"2026-05-10 16:02:41"}
{"level":"info","message":"\u001b[0mGET /api/events/6a005eab11fafa8b22a16e1b \u001b[36m304\u001b[0m 16.982 ms - -\u001b[0m","service":"proofsy-backend","timestamp":"2026-05-10 16:02:41"}
{"level":"info","message":"\u001b[0mGET /api/certificates/stats \u001b[32m200\u001b[0m 11.820 ms - 784\u001b[0m","service":"proofsy-backend","timestamp":"2026-05-10 16:02:41"}
{"level":"info","message":"\u001b[0mGET /api/events/6a005eab11fafa8b22a16e1b \u001b[36m304\u001b[0m 13.723 ms - -\u001b[0m","service":"proofsy-backend","timestamp":"2026-05-10 16:02:41"}
{"level":"info","message":"\u001b[0mGET /api/certificates/stats \u001b[32m200\u001b[0m 5.444 ms - 797\u001b[0m","service":"proofsy-backend","timestamp":"2026-05-10 16:02:56"}
{"level":"info","message":"\u001b[0mGET /api/certificates/stats \u001b[32m200\u001b[0m 4.860 ms - 781\u001b[0m","service":"proofsy-backend","timestamp":"2026-05-10 16:03:11"}
{"level":"info","message":"\u001b[0mGET /api/certificates/stats \u001b[32m200\u001b[0m 5.898 ms - 795\u001b[0m","service":"proofsy-backend","timestamp":"2026-05-10 16:03:26"}
{"level":"info","message":"\u001b[0mGET /api/certificates/stats \u001b[32m200\u001b[0m 4.835 ms - 766\u001b[0m","service":"proofsy-backend","timestamp":"2026-05-10 16:03:41"}
{"level":"info","message":"\u001b[0mGET /api/certificates/stats \u001b[32m200\u001b[0m 5.151 ms - 793\u001b[0m","service":"proofsy-backend","timestamp":"2026-05-10 16:03:56"}
{"level":"info","message":"\u001b[0mGET /api/certificates/stats \u001b[32m200\u001b[0m 5.101 ms - 767\u001b[0m","service":"proofsy-backend","timestamp":"2026-05-10 16:04:11"}
{"level":"info","message":"\u001b[0mGET /api/certificates/stats \u001b[32m200\u001b[0m 5.006 ms - 789\u001b[0m","service":"proofsy-backend","timestamp":"2026-05-10 16:04:55"}
{"level":"info","message":"\u001b[0mGET /api/certificates/stats \u001b[32m200\u001b[0m 5.119 ms - 793\u001b[0m","service":"proofsy-backend","timestamp":"2026-05-10 16:05:55"}
{"level":"info","message":"\u001b[0mGET /api/certificates/stats \u001b[32m200\u001b[0m 5.257 ms - 781\u001b[0m","service":"proofsy-backend","timestamp":"2026-05-10 16:06:55"}
{"level":"info","message":"\u001b[0mGET /api/certificates/stats \u001b[32m200\u001b[0m 5.423 ms - 769\u001b[0m","service":"proofsy-backend","timestamp":"2026-05-10 16:07:07"}
{"level":"info","message":"\u001b[0mGET /api/certificates/stats \u001b[32m200\u001b[0m 5.862 ms - 776\u001b[0m","service":"proofsy-backend","timestamp":"2026-05-10 16:07:27"}
{"level":"info","message":"\u001b[0mGET /api/certificates/stats \u001b[32m200\u001b[0m 5.394 ms - 763\u001b[0m","service":"proofsy-backend","timestamp":"2026-05-10 16:07:55"}
{"level":"info","message":"\u001b[0mGET /api/certificates/stats \u001b[32m200\u001b[0m 8.385 ms - 777\u001b[0m","service":"proofsy-backend","timestamp":"2026-05-10 16:08:02"}
{"level":"info","message":"\u001b[0mGET /api/certificates/stats \u001b[32m200\u001b[0m 14.131 ms - 781\u001b[0m","service":"proofsy-backend","timestamp":"2026-05-10 16:08:06"}
{"level":"info","message":"\u001b[0mGET /api/events/6a005eab11fafa8b22a16e1b \u001b[36m304\u001b[0m 17.832 ms - -\u001b[0m","service":"proofsy-backend","timestamp":"2026-05-10 16:08:06"}
{"level":"info","message":"\u001b[0mGET /api/certificates/stats \u001b[32m200\u001b[0m 11.182 ms - 766\u001b[0m","service":"proofsy-backend","timestamp":"2026-05-10 16:08:06"}
{"level":"info","message":"\u001b[0mGET /api/events/6a005eab11fafa8b22a16e1b \u001b[36m304\u001b[0m 16.911 ms - -\u001b[0m","service":"proofsy-backend","timestamp":"2026-05-10 16:08:06"}
{"level":"info","message":"\u001b[0mGET /api/certificates/stats \u001b[32m200\u001b[0m 4.612 ms - 765\u001b[0m","service":"proofsy-backend","timestamp":"2026-05-10 16:08:21"}
{"level":"info","message":"\u001b[0mPOST /api/certificates/generate \u001b[32m202\u001b[0m 11.213 ms - 155\u001b[0m","service":"proofsy-backend","timestamp":"2026-05-10 16:08:26"}
{"level":"info","message":"\u001b[0mGET /api/events/6a005eab11fafa8b22a16e1b \u001b[32m200\u001b[0m 11.285 ms - -\u001b[0m","service":"proofsy-backend","timestamp":"2026-05-10 16:08:26"}
{"level":"info","message":"\u001b[0mGET /api/certificates/stats \u001b[32m200\u001b[0m 13.177 ms - 765\u001b[0m","service":"proofsy-backend","timestamp":"2026-05-10 16:08:29"}
{"level":"info","message":"\u001b[0mGET /api/events/6a005eab11fafa8b22a16e1b \u001b[36m304\u001b[0m 15.218 ms - -\u001b[0m","service":"proofsy-backend","timestamp":"2026-05-10 16:08:29"}
{"level":"info","message":"\u001b[0mGET /api/certificates/stats \u001b[32m200\u001b[0m 7.794 ms - 769\u001b[0m","service":"proofsy-backend","timestamp":"2026-05-10 16:08:29"}
{"level":"info","message":"\u001b[0mGET /api/events/6a005eab11fafa8b22a16e1b \u001b[36m304\u001b[0m 12.845 ms - -\u001b[0m","service":"proofsy-backend","timestamp":"2026-05-10 16:08:29"}
{"level":"info","message":"\u001b[0mGET /api/certificates/6a00602211fafa8b22a16ee7 \u001b[32m200\u001b[0m 5.043 ms - 324\u001b[0m","service":"proofsy-backend","timestamp":"2026-05-10 16:08:41"}
{"level":"info","message":"\u001b[0mGET /api/certificates/6a00602211fafa8b22a16ee7 \u001b[36m304\u001b[0m 2.825 ms - -\u001b[0m","service":"proofsy-backend","timestamp":"2026-05-10 16:08:41"}
{"level":"info","message":"\u001b[0mGET /api/certificates/stats \u001b[32m200\u001b[0m 13.617 ms - 767\u001b[0m","service":"proofsy-backend","timestamp":"2026-05-10 16:10:15"}
{"level":"info","message":"\u001b[0mGET /api/events/6a005eab11fafa8b22a16e1b \u001b[36m304\u001b[0m 17.066 ms - -\u001b[0m","service":"proofsy-backend","timestamp":"2026-05-10 16:10:15"}
{"level":"info","message":"\u001b[0mGET /api/certificates/stats \u001b[32m200\u001b[0m 10.644 ms - 791\u001b[0m","service":"proofsy-backend","timestamp":"2026-05-10 16:10:15"}
{"level":"info","message":"\u001b[0mGET /api/events/6a005eab11fafa8b22a16e1b \u001b[36m304\u001b[0m 17.597 ms - -\u001b[0m","service":"proofsy-backend","timestamp":"2026-05-10 16:10:15"}
{"level":"info","message":"\u001b[0mGET /api/health \u001b[32m200\u001b[0m 0.338 ms - 128\u001b[0m","service":"proofsy-backend","timestamp":"2026-05-10 16:10:21"}
{"level":"info","message":"\u001b[0mGET /api/certificates/stats \u001b[32m200\u001b[0m 14.275 ms - 791\u001b[0m","service":"proofsy-backend","timestamp":"2026-05-10 16:10:21"}
{"level":"info","message":"\u001b[0mGET /api/health \u001b[32m200\u001b[0m 0.297 ms - 128\u001b[0m","service":"proofsy-backend","timestamp":"2026-05-10 16:10:21"}
{"level":"info","message":"\u001b[0mGET /api/events \u001b[36m304\u001b[0m 3.489 ms - -\u001b[0m","service":"proofsy-backend","timestamp":"2026-05-10 16:10:21"}
{"level":"info","message":"\u001b[0mGET /api/events \u001b[36m304\u001b[0m 5.175 ms - -\u001b[0m","service":"proofsy-backend","timestamp":"2026-05-10 16:10:21"}
{"level":"info","message":"\u001b[0mGET /api/certificates/stats \u001b[32m200\u001b[0m 24.236 ms - 792\u001b[0m","service":"proofsy-backend","timestamp":"2026-05-10 16:10:21"}
{"level":"info","message":"\u001b[0mGET /api/certificates \u001b[32m200\u001b[0m 28.495 ms - -\u001b[0m","service":"proofsy-backend","timestamp":"2026-05-10 16:10:21"}
{"level":"info","message":"\u001b[0mGET /api/certificates/stats \u001b[32m200\u001b[0m 14.586 ms - 777\u001b[0m","service":"proofsy-backend","timestamp":"2026-05-10 16:10:21"}
{"level":"info","message":"\u001b[0mGET /api/certificates \u001b[36m304\u001b[0m 19.342 ms - -\u001b[0m","service":"proofsy-backend","timestamp":"2026-05-10 16:10:21"}
{"level":"info","message":"\u001b[0mGET /api/certificates/stats \u001b[32m200\u001b[0m 11.146 ms - 781\u001b[0m","service":"proofsy-backend","timestamp":"2026-05-10 16:10:21"}
{"level":"info","message":"\u001b[0mGET /api/certificates/stats \u001b[36m304\u001b[0m 12.885 ms - -\u001b[0m","service":"proofsy-backend","timestamp":"2026-05-10 16:10:26"}
{"level":"info","message":"\u001b[0mGET /api/events/6a005eab11fafa8b22a16e1b \u001b[36m304\u001b[0m 21.146 ms - -\u001b[0m","service":"proofsy-backend","timestamp":"2026-05-10 16:10:26"}
{"level":"info","message":"\u001b[0mGET /api/certificates/stats \u001b[32m200\u001b[0m 13.465 ms - 795\u001b[0m","service":"proofsy-backend","timestamp":"2026-05-10 16:10:26"}
{"level":"info","message":"\u001b[0mGET /api/events/6a005eab11fafa8b22a16e1b \u001b[36m304\u001b[0m 15.832 ms - -\u001b[0m","service":"proofsy-backend","timestamp":"2026-05-10 16:10:26"}
{"level":"info","message":"\u001b[0mGET /api/health \u001b[32m200\u001b[0m 0.295 ms - 127\u001b[0m","service":"proofsy-backend","timestamp":"2026-05-10 16:10:38"}
{"level":"info","message":"\u001b[0mGET /api/certificates/stats \u001b[32m200\u001b[0m 11.588 ms - 769\u001b[0m","service":"proofsy-backend","timestamp":"2026-05-10 16:10:38"}
{"level":"info","message":"\u001b[0mGET /api/health \u001b[32m200\u001b[0m 0.244 ms - 128\u001b[0m","service":"proofsy-backend","timestamp":"2026-05-10 16:10:38"}
{"level":"info","message":"\u001b[0mGET /api/events \u001b[36m304\u001b[0m 2.773 ms - -\u001b[0m","service":"proofsy-backend","timestamp":"2026-05-10 16:10:38"}
{"level":"info","message":"\u001b[0mGET /api/events \u001b[36m304\u001b[0m 3.778 ms - -\u001b[0m","service":"proofsy-backend","timestamp":"2026-05-10 16:10:38"}
{"level":"info","message":"\u001b[0mGET /api/certificates/stats \u001b[32m200\u001b[0m 16.212 ms - 791\u001b[0m","service":"proofsy-backend","timestamp":"2026-05-10 16:10:38"}
{"level":"info","message":"\u001b[0mGET /api/certificates \u001b[32m200\u001b[0m 18.210 ms - -\u001b[0m","service":"proofsy-backend","timestamp":"2026-05-10 16:10:38"}
{"level":"info","message":"\u001b[0mGET /api/certificates/stats \u001b[32m200\u001b[0m 10.402 ms - 784\u001b[0m","service":"proofsy-backend","timestamp":"2026-05-10 16:10:38"}
{"level":"info","message":"\u001b[0mGET /api/certificates \u001b[36m304\u001b[0m 14.619 ms - -\u001b[0m","service":"proofsy-backend","timestamp":"2026-05-10 16:10:38"}
{"level":"info","message":"\u001b[0mGET /api/certificates/stats \u001b[32m200\u001b[0m 8.358 ms - 780\u001b[0m","service":"proofsy-backend","timestamp":"2026-05-10 16:10:38"}
{"level":"info","message":"\u001b[0mGET /api/health \u001b[32m200\u001b[0m 0.247 ms - 128\u001b[0m","service":"proofsy-backend","timestamp":"2026-05-10 16:10:45"}
{"level":"info","message":"\u001b[0mGET /api/health \u001b[32m200\u001b[0m 0.236 ms - 128\u001b[0m","service":"proofsy-backend","timestamp":"2026-05-10 16:10:45"}
{"level":"info","message":"\u001b[0mGET /api/certificates/stats \u001b[32m200\u001b[0m 9.854 ms - 783\u001b[0m","service":"proofsy-backend","timestamp":"2026-05-10 16:10:45"}
{"level":"info","message":"\u001b[0mGET /api/events \u001b[36m304\u001b[0m 2.961 ms - -\u001b[0m","service":"proofsy-backend","timestamp":"2026-05-10 16:10:45"}
{"level":"info","message":"\u001b[0mGET /api/events \u001b[36m304\u001b[0m 3.462 ms - -\u001b[0m","service":"proofsy-backend","timestamp":"2026-05-10 16:10:45"}
{"level":"info","message":"\u001b[0mGET /api/certificates \u001b[36m304\u001b[0m 20.827 ms - -\u001b[0m","service":"proofsy-backend","timestamp":"2026-05-10 16:10:45"}
{"level":"info","message":"\u001b[0mGET /api/certificates/stats \u001b[32m200\u001b[0m 16.751 ms - 801\u001b[0m","service":"proofsy-backend","timestamp":"2026-05-10 16:10:45"}
{"level":"info","message":"\u001b[0mGET /api/certificates/stats \u001b[32m200\u001b[0m 5.121 ms - 797\u001b[0m","service":"proofsy-backend","timestamp":"2026-05-10 16:12:19"}
{"level":"info","message":"\u001b[0mGET /api/certificates/stats \u001b[32m200\u001b[0m 4.255 ms - 771\u001b[0m","service":"proofsy-backend","timestamp":"2026-05-10 16:12:34"}
{"level":"info","message":"\u001b[0mGET /api/certificates/stats \u001b[32m200\u001b[0m 5.600 ms - 773\u001b[0m","service":"proofsy-backend","timestamp":"2026-05-10 16:12:49"}
{"level":"info","message":"✓ All required environment variables are set","service":"proofsy-backend","timestamp":"2026-05-10 16:13:16"}
{"level":"info","message":"✓ Connected to MongoDB: mongodb://127.0.0.1:27017/proofsy","service":"proofsy-backend","timestamp":"2026-05-10 16:13:16"}
{"level":"info","message":"✓ Proofsy backend running on http://localhost:5000","service":"proofsy-backend","timestamp":"2026-05-10 16:13:16"}
{"level":"info","message":"Environment: development","service":"proofsy-backend","timestamp":"2026-05-10 16:13:16"}
{"level":"info","message":"\u001b[0mGET /api/certificates/stats \u001b[32m200\u001b[0m 18.777 ms - 771\u001b[0m","service":"proofsy-backend","timestamp":"2026-05-10 16:13:55"}
{"level":"info","message":"\u001b[0mGET /api/health \u001b[32m200\u001b[0m 0.488 ms - 126\u001b[0m","service":"proofsy-backend","timestamp":"2026-05-10 16:13:59"}
{"level":"info","message":"\u001b[0mGET /api/certificates/stats \u001b[32m200\u001b[0m 11.904 ms - 773\u001b[0m","service":"proofsy-backend","timestamp":"2026-05-10 16:13:59"}
{"level":"info","message":"\u001b[0mGET /api/health \u001b[32m200\u001b[0m 0.307 ms - 126\u001b[0m","service":"proofsy-backend","timestamp":"2026-05-10 16:13:59"}
{"level":"info","message":"\u001b[0mGET /api/events \u001b[36m304\u001b[0m 11.606 ms - -\u001b[0m","service":"proofsy-backend","timestamp":"2026-05-10 16:13:59"}
{"level":"info","message":"\u001b[0mGET /api/certificates/stats \u001b[32m200\u001b[0m 19.466 ms - 789\u001b[0m","service":"proofsy-backend","timestamp":"2026-05-10 16:13:59"}
{"level":"info","message":"\u001b[0mGET /api/events \u001b[36m304\u001b[0m 11.156 ms - -\u001b[0m","service":"proofsy-backend","timestamp":"2026-05-10 16:13:59"}
{"level":"info","message":"\u001b[0mGET /api/certificates \u001b[32m200\u001b[0m 46.172 ms - -\u001b[0m","service":"proofsy-backend","timestamp":"2026-05-10 16:13:59"}
{"level":"info","message":"\u001b[0mGET /api/certificates/stats \u001b[32m200\u001b[0m 20.682 ms - 773\u001b[0m","service":"proofsy-backend","timestamp":"2026-05-10 16:13:59"}
{"level":"info","message":"\u001b[0mGET /api/certificates \u001b[36m304\u001b[0m 24.839 ms - -\u001b[0m","service":"proofsy-backend","timestamp":"2026-05-10 16:13:59"}
{"level":"info","message":"\u001b[0mGET /api/certificates/stats \u001b[32m200\u001b[0m 21.102 ms - 779\u001b[0m","service":"proofsy-backend","timestamp":"2026-05-10 16:13:59"}
{"level":"info","message":"\u001b[0mGET /api/health \u001b[32m200\u001b[0m 0.205 ms - 126\u001b[0m","service":"proofsy-backend","timestamp":"2026-05-10 16:14:04"}
{"level":"info","message":"\u001b[0mGET /api/health \u001b[32m200\u001b[0m 0.253 ms - 126\u001b[0m","service":"proofsy-backend","timestamp":"2026-05-10 16:14:04"}
{"level":"info","message":"\u001b[0mGET /api/certificates/stats \u001b[32m200\u001b[0m 12.295 ms - 785\u001b[0m","service":"proofsy-backend","timestamp":"2026-05-10 16:14:04"}
{"level":"info","message":"\u001b[0mGET /api/events \u001b[36m304\u001b[0m 3.488 ms - -\u001b[0m","service":"proofsy-backend","timestamp":"2026-05-10 16:14:04"}
{"level":"info","message":"\u001b[0mGET /api/certificates \u001b[36m304\u001b[0m 24.690 ms - -\u001b[0m","service":"proofsy-backend","timestamp":"2026-05-10 16:14:04"}
{"level":"info","message":"\u001b[0mGET /api/certificates/stats \u001b[32m200\u001b[0m 20.407 ms - 789\u001b[0m","service":"proofsy-backend","timestamp":"2026-05-10 16:14:04"}
{"level":"info","message":"\u001b[0mGET /api/events \u001b[36m304\u001b[0m 12.398 ms - -\u001b[0m","service":"proofsy-backend","timestamp":"2026-05-10 16:14:04"}
{"level":"info","message":"\u001b[0mGET /api/certificates/stats \u001b[32m200\u001b[0m 13.670 ms - 775\u001b[0m","service":"proofsy-backend","timestamp":"2026-05-10 16:14:04"}
{"level":"info","message":"\u001b[0mGET /api/certificates \u001b[36m304\u001b[0m 19.415 ms - -\u001b[0m","service":"proofsy-backend","timestamp":"2026-05-10 16:14:04"}
{"level":"info","message":"\u001b[0mGET /api/certificates/stats \u001b[32m200\u001b[0m 8.921 ms - 783\u001b[0m","service":"proofsy-backend","timestamp":"2026-05-10 16:14:04"}
{"level":"info","message":"\u001b[0mGET /api/certificates/stats \u001b[32m200\u001b[0m 14.149 ms - 769\u001b[0m","service":"proofsy-backend","timestamp":"2026-05-10 16:14:13"}
{"level":"info","message":"\u001b[0mGET /api/certificates \u001b[36m304\u001b[0m 26.399 ms - -\u001b[0m","service":"proofsy-backend","timestamp":"2026-05-10 16:14:13"}
{"level":"info","message":"\u001b[0mGET /api/users \u001b[32m200\u001b[0m 33.242 ms - -\u001b[0m","service":"proofsy-backend","timestamp":"2026-05-10 16:14:13"}
{"level":"info","message":"\u001b[0mGET /api/certificates/stats \u001b[32m200\u001b[0m 26.608 ms - 799\u001b[0m","service":"proofsy-backend","timestamp":"2026-05-10 16:14:13"}
{"level":"info","message":"\u001b[0mGET /api/certificates \u001b[36m304\u001b[0m 22.087 ms - -\u001b[0m","service":"proofsy-backend","timestamp":"2026-05-10 16:14:13"}
{"level":"info","message":"\u001b[0mGET /api/users \u001b[36m304\u001b[0m 14.305 ms - -\u001b[0m","service":"proofsy-backend","timestamp":"2026-05-10 16:14:13"}
{"level":"info","message":"\u001b[0mGET /api/certificates/stats \u001b[32m200\u001b[0m 6.596 ms - 763\u001b[0m","service":"proofsy-backend","timestamp":"2026-05-10 16:14:28"}
{"level":"info","message":"\u001b[0mGET /api/certificates/stats \u001b[32m200\u001b[0m 5.986 ms - 780\u001b[0m","service":"proofsy-backend","timestamp":"2026-05-10 16:14:44"}
{"level":"info","message":"\u001b[0mGET /api/certificates/stats \u001b[32m200\u001b[0m 5.389 ms - 775\u001b[0m","service":"proofsy-backend","timestamp":"2026-05-10 16:14:59"}
{"level":"info","message":"\u001b[0mGET /api/certificates/stats \u001b[32m200\u001b[0m 5.999 ms - 785\u001b[0m","service":"proofsy-backend","timestamp":"2026-05-10 16:15:14"}
{"level":"info","message":"\u001b[0mGET /api/certificates/stats \u001b[32m200\u001b[0m 6.272 ms - 779\u001b[0m","service":"proofsy-backend","timestamp":"2026-05-10 16:15:29"}
{"level":"info","message":"\u001b[0mGET /api/certificates/stats \u001b[32m200\u001b[0m 5.158 ms - 777\u001b[0m","service":"proofsy-backend","timestamp":"2026-05-10 16:15:44"}
{"level":"info","message":"\u001b[0mGET /api/certificates/stats \u001b[32m200\u001b[0m 5.807 ms - 785\u001b[0m","service":"proofsy-backend","timestamp":"2026-05-10 16:15:58"}
{"level":"info","message":"\u001b[0mGET /api/health \u001b[32m200\u001b[0m 0.197 ms - 127\u001b[0m","service":"proofsy-backend","timestamp":"2026-05-10 16:16:08"}
{"level":"info","message":"\u001b[0mGET /api/health \u001b[32m200\u001b[0m 0.213 ms - 127\u001b[0m","service":"proofsy-backend","timestamp":"2026-05-10 16:16:08"}
{"level":"info","message":"\u001b[0mGET /api/certificates/stats \u001b[32m200\u001b[0m 9.503 ms - 773\u001b[0m","service":"proofsy-backend","timestamp":"2026-05-10 16:16:08"}
{"level":"info","message":"\u001b[0mGET /api/events \u001b[36m304\u001b[0m 2.427 ms - -\u001b[0m","service":"proofsy-backend","timestamp":"2026-05-10 16:16:08"}
{"level":"info","message":"\u001b[0mGET /api/events \u001b[36m304\u001b[0m 4.610 ms - -\u001b[0m","service":"proofsy-backend","timestamp":"2026-05-10 16:16:08"}
{"level":"info","message":"\u001b[0mGET /api/certificates \u001b[36m304\u001b[0m 19.381 ms - -\u001b[0m","service":"proofsy-backend","timestamp":"2026-05-10 16:16:08"}
{"level":"info","message":"\u001b[0mGET /api/certificates/stats \u001b[32m200\u001b[0m 15.264 ms - 796\u001b[0m","service":"proofsy-backend","timestamp":"2026-05-10 16:16:08"}
{"level":"info","message":"\u001b[0mGET /api/certificates \u001b[36m304\u001b[0m 16.219 ms - -\u001b[0m","service":"proofsy-backend","timestamp":"2026-05-10 16:16:08"}
{"level":"info","message":"\u001b[0mGET /api/certificates/stats \u001b[32m200\u001b[0m 12.716 ms - 777\u001b[0m","service":"proofsy-backend","timestamp":"2026-05-10 16:16:08"}
{"level":"info","message":"\u001b[0mGET /api/certificates/stats \u001b[32m200\u001b[0m 7.595 ms - 781\u001b[0m","service":"proofsy-backend","timestamp":"2026-05-10 16:16:08"}
{"level":"info","message":"\u001b[0mGET /api/certificates/stats \u001b[32m200\u001b[0m 5.471 ms - 770\u001b[0m","service":"proofsy-backend","timestamp":"2026-05-10 16:16:23"}
{"level":"info","message":"\u001b[0mGET /api/certificates/stats \u001b[32m200\u001b[0m 6.348 ms - 777\u001b[0m","service":"proofsy-backend","timestamp":"2026-05-10 16:16:38"}
{"level":"info","message":"\u001b[0mGET /api/certificates/stats \u001b[32m200\u001b[0m 6.377 ms - 771\u001b[0m","service":"proofsy-backend","timestamp":"2026-05-10 16:16:53"}
{"level":"info","message":"\u001b[0mGET /api/certificates/stats \u001b[32m200\u001b[0m 5.301 ms - 785\u001b[0m","service":"proofsy-backend","timestamp":"2026-05-10 16:17:08"}
{"level":"info","message":"\u001b[0mGET /api/certificates/stats \u001b[32m200\u001b[0m 5.517 ms - 801\u001b[0m","service":"proofsy-backend","timestamp":"2026-05-10 16:17:23"}
{"level":"info","message":"\u001b[0mGET /api/certificates/stats \u001b[32m200\u001b[0m 4.879 ms - 795\u001b[0m","service":"proofsy-backend","timestamp":"2026-05-10 16:17:39"}
{"level":"info","message":"\u001b[0mGET /api/certificates/stats \u001b[32m200\u001b[0m 5.182 ms - 769\u001b[0m","service":"proofsy-backend","timestamp":"2026-05-10 16:17:54"}
{"level":"info","message":"\u001b[0mGET /api/certificates/stats \u001b[32m200\u001b[0m 4.928 ms - 771\u001b[0m","service":"proofsy-backend","timestamp":"2026-05-10 16:18:09"}
{"level":"info","message":"\u001b[0mGET /api/certificates/stats \u001b[32m200\u001b[0m 5.037 ms - 775\u001b[0m","service":"proofsy-backend","timestamp":"2026-05-10 16:18:24"}
{"level":"info","message":"\u001b[0mGET /api/certificates/stats \u001b[32m200\u001b[0m 10.072 ms - 785\u001b[0m","service":"proofsy-backend","timestamp":"2026-05-10 16:18:44"}
{"level":"info","message":"✓ All required environment variables are set","service":"proofsy-backend","timestamp":"2026-05-11 16:11:23"}
{"level":"info","message":"✓ Connected to MongoDB: mongodb://127.0.0.1:27017/proofsy","service":"proofsy-backend","timestamp":"2026-05-11 16:11:23"}
{"level":"info","message":"✓ Proofsy backend running on http://localhost:5000","service":"proofsy-backend","timestamp":"2026-05-11 16:11:23"}
{"level":"info","message":"Environment: development","service":"proofsy-backend","timestamp":"2026-05-11 16:11:23"}
{"level":"info","message":"\u001b[0mGET /api/health \u001b[32m200\u001b[0m 4.090 ms - 126\u001b[0m","service":"proofsy-backend","timestamp":"2026-05-11 16:12:55"}
{"level":"info","message":"\u001b[0mGET /api/certificates/stats \u001b[32m200\u001b[0m 98.151 ms - 781\u001b[0m","service":"proofsy-backend","timestamp":"2026-05-11 16:12:55"}
{"level":"info","message":"\u001b[0mGET /api/health \u001b[32m200\u001b[0m 0.430 ms - 126\u001b[0m","service":"proofsy-backend","timestamp":"2026-05-11 16:12:56"}
{"level":"info","message":"\u001b[0mGET /api/events \u001b[36m304\u001b[0m 8.758 ms - -\u001b[0m","service":"proofsy-backend","timestamp":"2026-05-11 16:12:56"}
{"level":"info","message":"\u001b[0mGET /api/certificates/stats \u001b[32m200\u001b[0m 38.236 ms - 783\u001b[0m","service":"proofsy-backend","timestamp":"2026-05-11 16:12:56"}
{"level":"info","message":"\u001b[0mGET /api/certificates \u001b[36m304\u001b[0m 66.510 ms - -\u001b[0m","service":"proofsy-backend","timestamp":"2026-05-11 16:12:56"}
{"level":"info","message":"\u001b[0mGET /api/events \u001b[36m304\u001b[0m 13.814 ms - -\u001b[0m","service":"proofsy-backend","timestamp":"2026-05-11 16:12:56"}
{"level":"info","message":"\u001b[0mGET /api/certificates/stats \u001b[32m200\u001b[0m 20.419 ms - 787\u001b[0m","service":"proofsy-backend","timestamp":"2026-05-11 16:12:56"}
{"level":"info","message":"\u001b[0mGET /api/certificates \u001b[36m304\u001b[0m 42.413 ms - -\u001b[0m","service":"proofsy-backend","timestamp":"2026-05-11 16:12:56"}
{"level":"info","message":"\u001b[0mGET /api/certificates/stats \u001b[32m200\u001b[0m 27.666 ms - 771\u001b[0m","service":"proofsy-backend","timestamp":"2026-05-11 16:12:56"}
{"level":"info","message":"\u001b[0mGET /api/certificates/stats \u001b[32m200\u001b[0m 7.559 ms - 771\u001b[0m","service":"proofsy-backend","timestamp":"2026-05-11 16:13:10"}
{"level":"info","message":"\u001b[0mGET /api/certificates/stats \u001b[32m200\u001b[0m 14.353 ms - 793\u001b[0m","service":"proofsy-backend","timestamp":"2026-05-11 16:13:26"}
{"level":"info","message":"\u001b[0mGET /api/certificates/stats \u001b[32m200\u001b[0m 7.554 ms - 793\u001b[0m","service":"proofsy-backend","timestamp":"2026-05-11 16:13:41"}
{"level":"info","message":"\u001b[0mGET /api/certificates/stats \u001b[32m200\u001b[0m 7.591 ms - 773\u001b[0m","service":"proofsy-backend","timestamp":"2026-05-11 16:13:56"}
{"level":"info","message":"\u001b[0mGET /api/certificates/stats \u001b[32m200\u001b[0m 7.455 ms - 773\u001b[0m","service":"proofsy-backend","timestamp":"2026-05-11 16:14:11"}
{"level":"info","message":"\u001b[0mGET /api/certificates/stats \u001b[32m200\u001b[0m 14.110 ms - 785\u001b[0m","service":"proofsy-backend","timestamp":"2026-05-11 16:14:26"}
{"level":"info","message":"\u001b[0mGET /api/certificates/stats \u001b[32m200\u001b[0m 13.505 ms - 787\u001b[0m","service":"proofsy-backend","timestamp":"2026-05-11 16:14:40"}
{"level":"info","message":"\u001b[0mGET /api/certificates/stats \u001b[32m200\u001b[0m 17.058 ms - 777\u001b[0m","service":"proofsy-backend","timestamp":"2026-05-11 16:14:45"}
{"level":"info","message":"\u001b[0mGET /api/certificates/stats \u001b[32m200\u001b[0m 13.807 ms - 789\u001b[0m","service":"proofsy-backend","timestamp":"2026-05-11 16:14:46"}
{"level":"info","message":"\u001b[0mGET /api/certificates/stats \u001b[32m200\u001b[0m 9.422 ms - 757\u001b[0m","service":"proofsy-backend","timestamp":"2026-05-11 16:15:00"}
{"level":"info","message":"\u001b[0mGET /api/certificates/stats \u001b[32m200\u001b[0m 8.176 ms - 763\u001b[0m","service":"proofsy-backend","timestamp":"2026-05-11 16:15:15"}
{"level":"info","message":"\u001b[0mGET /api/certificates/stats \u001b[32m200\u001b[0m 7.146 ms - 771\u001b[0m","service":"proofsy-backend","timestamp":"2026-05-11 16:15:30"}
{"level":"info","message":"\u001b[0mPOST /api/events \u001b[32m201\u001b[0m 14.766 ms - 186\u001b[0m","service":"proofsy-backend","timestamp":"2026-05-11 16:15:44"}
{"level":"info","message":"\u001b[0mGET /api/certificates/stats \u001b[32m200\u001b[0m 12.319 ms - 982\u001b[0m","service":"proofsy-backend","timestamp":"2026-05-11 16:15:45"}
{"level":"info","message":"\u001b[0mPOST /api/certificates/generate \u001b[0m-\u001b[0m - ms - -\u001b[0m","service":"proofsy-backend","timestamp":"2026-05-11 16:15:54"}
{"level":"info","message":"\u001b[0mGET /api/certificates/stats \u001b[32m200\u001b[0m 10.035 ms - 993\u001b[0m","service":"proofsy-backend","timestamp":"2026-05-11 16:16:00"}
{"level":"info","message":"\u001b[0mPOST /api/events \u001b[32m201\u001b[0m 2.354 ms - 186\u001b[0m","service":"proofsy-backend","timestamp":"2026-05-11 16:16:04"}
{"level":"info","message":"\u001b[0mPOST /api/certificates/generate \u001b[0m-\u001b[0m - ms - -\u001b[0m","service":"proofsy-backend","timestamp":"2026-05-11 16:16:14"}
{"level":"info","message":"\u001b[0mGET /api/certificates/stats \u001b[32m200\u001b[0m 8.114 ms - -\u001b[0m","service":"proofsy-backend","timestamp":"2026-05-11 16:16:15"}
{"level":"info","message":"\u001b[0mGET /api/certificates/stats \u001b[32m200\u001b[0m 10.961 ms - -\u001b[0m","service":"proofsy-backend","timestamp":"2026-05-11 16:16:30"}
{"level":"info","message":"\u001b[0mGET /api/certificates/stats \u001b[32m200\u001b[0m 9.385 ms - -\u001b[0m","service":"proofsy-backend","timestamp":"2026-05-11 16:16:45"}
{"level":"info","message":"\u001b[0mGET /api/certificates/stats \u001b[32m200\u001b[0m 8.703 ms - -\u001b[0m","service":"proofsy-backend","timestamp":"2026-05-11 16:17:00"}
{"level":"info","message":"\u001b[0mGET /api/certificates/stats \u001b[32m200\u001b[0m 10.030 ms - -\u001b[0m","service":"proofsy-backend","timestamp":"2026-05-11 16:17:15"}
{"level":"info","message":"\u001b[0mGET /api/certificates/stats \u001b[32m200\u001b[0m 8.958 ms - -\u001b[0m","service":"proofsy-backend","timestamp":"2026-05-11 16:17:30"}
{"level":"info","message":"\u001b[0mGET /api/certificates/stats \u001b[32m200\u001b[0m 9.339 ms - -\u001b[0m","service":"proofsy-backend","timestamp":"2026-05-11 16:17:45"}
{"level":"info","message":"\u001b[0mGET /api/certificates/stats \u001b[32m200\u001b[0m 9.466 ms - -\u001b[0m","service":"proofsy-backend","timestamp":"2026-05-11 16:18:00"}
{"level":"info","message":"\u001b[0mGET /api/certificates/stats \u001b[32m200\u001b[0m 8.689 ms - -\u001b[0m","service":"proofsy-backend","timestamp":"2026-05-11 16:18:16"}
{"level":"info","message":"\u001b[0mGET /api/certificates/stats \u001b[32m200\u001b[0m 9.582 ms - -\u001b[0m","service":"proofsy-backend","timestamp":"2026-05-11 16:18:31"}
{"level":"info","message":"\u001b[0mGET /api/certificates/stats \u001b[32m200\u001b[0m 8.697 ms - -\u001b[0m","service":"proofsy-backend","timestamp":"2026-05-11 16:18:46"}
{"level":"info","message":"\u001b[0mGET /api/certificates/stats \u001b[32m200\u001b[0m 10.861 ms - -\u001b[0m","service":"proofsy-backend","timestamp":"2026-05-11 16:19:01"}
{"level":"info","message":"\u001b[0mGET /api/certificates/stats \u001b[36m304\u001b[0m 8.803 ms - -\u001b[0m","service":"proofsy-backend","timestamp":"2026-05-11 16:19:37"}
{"level":"info","message":"\u001b[0mGET /api/certificates/stats \u001b[32m200\u001b[0m 17.270 ms - -\u001b[0m","service":"proofsy-backend","timestamp":"2026-05-11 16:20:34"}
